<html>
<body>
<pre>
<h1>µVision Build Log</h1>
<h2>Tool Versions:</h2>
IDE-Version: µVision V5.15
Copyright (C) 2015 ARM Ltd and ARM Germany GmbH. All rights reserved.
License Information: Amin Yaghmori, Simsiz, LIC=MGX01-CEPPX-FYEVU-SF1Z6-Q56I1-HQTPA
 
Tool Versions:
Toolchain:       MDK-ARM Professional  Version: 5.15.0
Toolchain Path:  C:\Keil_v5\ARM\ARMCC\Bin
C Compiler:      Armcc.exe V5.05 update 2 (build 169)
Assembler:       Armasm.exe V5.05 update 2 (build 169)
Linker/Locator:  ArmLink.exe V5.05 update 2 (build 169)
Library Manager: ArmAr.exe V5.05 update 2 (build 169)
Hex Converter:   FromElf.exe V5.05 update 2 (build 169)
CPU DLL:         SARMCM3.DLL V5.15.0
Dialog DLL:      DCM.DLL V1.13.2.0
Target DLL:      STLink\ST-LINKIII-KEIL_SWO.dll V2.0.15.0_KEIL
Dialog DLL:      TCM.DLL V1.14.5.0
 
<h2>Project:</h2>
C:\Users\Amin\Desktop\Offroad\Keil\offroad\MDK-ARM\offroad.uvprojx
Project File Date:  10/13/2020

<h2>Output:</h2>
*** Using Compiler 'V5.05 update 2 (build 169)', folder: 'C:\Keil_v5\ARM\ARMCC\Bin'
Build target 'offroad'
assembling startup_stm32f103xb.s...
compiling main.c...
compiling stm32f1xx_it.c...
compiling stm32f1xx_hal_msp.c...
compiling stm32f1xx_hal_gpio_ex.c...
compiling stm32f1xx_hal_tim.c...
compiling stm32f1xx_hal_tim_ex.c...
compiling stm32f1xx_hal.c...
compiling stm32f1xx_hal_rcc.c...
compiling stm32f1xx_hal_rcc_ex.c...
compiling stm32f1xx_hal_gpio.c...
compiling stm32f1xx_hal_dma.c...
compiling stm32f1xx_hal_cortex.c...
compiling stm32f1xx_hal_pwr.c...
compiling stm32f1xx_hal_flash.c...
compiling stm32f1xx_hal_flash_ex.c...
compiling stm32f1xx_hal_exti.c...
compiling system_stm32f1xx.c...
linking...
Program Size: Code=1824 RO-data=284 RW-data=16 ZI-data=1024  
FromELF: creating hex file...
"offroad\offroad.axf" - 0 Error(s), 0 Warning(s).

<h2>Software Packages used:</h2>

Package Vendor: ARM
                http://www.keil.com/pack/ARM.CMSIS.4.3.0.pack
                ARM::CMSIS:CORE:4.1.0
                CMSIS (Cortex Microcontroller Software Interface Standard)
   * Component: CORE Version: 4.1.0

<h2>Collection of Component include folders:</h2>
  C:\Users\Amin\Desktop\Offroad\Keil\offroad\MDK-ARM\RTE
  C:\Keil_v5\ARM\PACK\ARM\CMSIS\4.3.0\CMSIS\Include
  C:\Keil_v5\ARM\PACK\Keil\STM32F1xx_DFP\2.2.0\Device\Include

<h2>Collection of Component Files used:</h2>

   * Component: ARM::CMSIS:CORE:4.1.0
</pre>
</body>
</html>
